[startup-tailwind.preview.uideck.com/index.html]
[backblue.gif]
[fade.gif]
[index.html]
[startup-tailwind.preview.uideck.com/favicon.ico]
[startup-tailwind.preview.uideck.com/style.css]
[startup-tailwind.preview.uideck.com/images/logo-2.svg]
[startup-tailwind.preview.uideck.com/images/logo.svg]
[startup-tailwind.preview.uideck.com/about.html]
[startup-tailwind.preview.uideck.com/contact.html]
[startup-tailwind.preview.uideck.com/blog-grids.html]
[startup-tailwind.preview.uideck.com/blog-sidebar.html]
[startup-tailwind.preview.uideck.com/blog-details.html]
[startup-tailwind.preview.uideck.com/signin.html]
[startup-tailwind.preview.uideck.com/signup.html]
[startup-tailwind.preview.uideck.com/404.html]
[startup-tailwind.preview.uideck.com/images/video.jpg]
[startup-tailwind.preview.uideck.com/images/shape.svg]
[startup-tailwind.preview.uideck.com/images/uideck.svg]
[startup-tailwind.preview.uideck.com/images/tailgrids.svg]
[startup-tailwind.preview.uideck.com/images/lineicons.svg]
[startup-tailwind.preview.uideck.com/images/ayroui.svg]
[startup-tailwind.preview.uideck.com/images/plainadmin.svg]
[startup-tailwind.preview.uideck.com/images/about-image.svg]
[startup-tailwind.preview.uideck.com/images/about-image-2.svg]
[startup-tailwind.preview.uideck.com/images/auth-01.png]
[startup-tailwind.preview.uideck.com/images/auth-02.png]
[startup-tailwind.preview.uideck.com/images/auth-03.png]
[startup-tailwind.preview.uideck.com/images/blog-01.jpg]
[startup-tailwind.preview.uideck.com/images/author-01.png]
[startup-tailwind.preview.uideck.com/images/blog-02.jpg]
[startup-tailwind.preview.uideck.com/images/author-02.png]
[startup-tailwind.preview.uideck.com/images/blog-03.jpg]
[startup-tailwind.preview.uideck.com/images/author-03.png]
[startup-tailwind.preview.uideck.com/bundle.js]
[startup-tailwind.preview.uideck.com/index.html]
[startup-tailwind.preview.uideck.com/style.css]
[startup-tailwind.preview.uideck.com/images/logo-2.svg]
[startup-tailwind.preview.uideck.com/images/logo.svg]
[startup-tailwind.preview.uideck.com/cdn-cgi/challenge-platform/h/g/scripts/jsd/8fc8ed1d8752/maind41d.js]
[startup-tailwind.preview.uideck.com/about.html]
[startup-tailwind.preview.uideck.com/contact.html]
[startup-tailwind.preview.uideck.com/blog-grids.html]
[startup-tailwind.preview.uideck.com/images/blog-details-01.jpg]
[startup-tailwind.preview.uideck.com/images/post-01.jpg]
[startup-tailwind.preview.uideck.com/images/post-02.jpg]
[startup-tailwind.preview.uideck.com/images/post-03.jpg]
[startup-tailwind.preview.uideck.com/blog-sidebar.html]
[startup-tailwind.preview.uideck.com/images/blog-details-02.jpg]
[startup-tailwind.preview.uideck.com/blog-details.html]
[startup-tailwind.preview.uideck.com/signin.html]
[startup-tailwind.preview.uideck.com/signup.html]
[startup-tailwind.preview.uideck.com/404.html]
[startup-tailwind.preview.uideck.com/images/shape.svg]
[startup-tailwind.preview.uideck.com/images/uideck.svg]
[startup-tailwind.preview.uideck.com/images/tailgrids.svg]
[startup-tailwind.preview.uideck.com/images/lineicons.svg]
[startup-tailwind.preview.uideck.com/images/ayroui.svg]
[startup-tailwind.preview.uideck.com/images/plainadmin.svg]
[startup-tailwind.preview.uideck.com/images/about-image.svg]
[startup-tailwind.preview.uideck.com/images/about-image-2.svg]
